DEVICE utilisé : cuda
torch.cuda.is_available() : True
GPU : NVIDIA A2
Fichiers de données trouvés (19) :
  - record_0.npz
  - record_1.npz
  - record_10.npz
  - record_11.npz
  - record_12.npz
  - record_13.npz
  - record_14.npz
  - record_15.npz
  - record_16.npz
  - record_17.npz
  - record_18.npz
  - record_2.npz
  - record_3.npz
  - record_4.npz
  - record_5.npz
  - record_6.npz
  - record_7.npz
  - record_8.npz
  - record_9.npz
Found 19 .npz files.
Dataset prêt : 40350 samples (shift=5, flip=No).
Total samples: 40350 (train=32280, val=8070)
Using num_workers = 8
AMP désactivé (CPU ou pas de CUDA).
===== Epoch 1/20 =====
[Epoch 1][Batch 50] loss: 0.7410
[Epoch 1][Batch 100] loss: 0.6452
[Epoch 1][Batch 150] loss: 0.5016
[Epoch 1][Batch 200] loss: 0.4112
[Epoch 1][Batch 250] loss: 0.3667
[Epoch 1][Batch 300] loss: 0.3529
[Epoch 1][Batch 350] loss: 0.3407
[Epoch 1][Batch 400] loss: 0.3409
[Epoch 1][Batch 450] loss: 0.3330
[Epoch 1][Batch 500] loss: 0.3202
Train loss: 0.4345
Validation loss: 0.2736
>>> Nouveau meilleur modèle sauvegardé : checkpoints/best_model.pth
===== Epoch 2/20 =====
[Epoch 2][Batch 50] loss: 0.3239
[Epoch 2][Batch 100] loss: 0.3207
[Epoch 2][Batch 150] loss: 0.3128
[Epoch 2][Batch 200] loss: 0.3109
[Epoch 2][Batch 250] loss: 0.3012
[Epoch 2][Batch 300] loss: 0.2970
[Epoch 2][Batch 350] loss: 0.3077
[Epoch 2][Batch 400] loss: 0.3022
[Epoch 2][Batch 450] loss: 0.2987
[Epoch 2][Batch 500] loss: 0.3042
Train loss: 0.3076
Validation loss: 0.2695
>>> Nouveau meilleur modèle sauvegardé : checkpoints/best_model.pth
===== Epoch 3/20 =====
[Epoch 3][Batch 50] loss: 0.2906
[Epoch 3][Batch 100] loss: 0.2960
[Epoch 3][Batch 150] loss: 0.2881
[Epoch 3][Batch 200] loss: 0.2909
[Epoch 3][Batch 250] loss: 0.2974
[Epoch 3][Batch 300] loss: 0.2995
[Epoch 3][Batch 350] loss: 0.2967
[Epoch 3][Batch 400] loss: 0.2833
[Epoch 3][Batch 450] loss: 0.2891
[Epoch 3][Batch 500] loss: 0.2948
Train loss: 0.2925
Validation loss: 0.2670
>>> Nouveau meilleur modèle sauvegardé : checkpoints/best_model.pth
===== Epoch 4/20 =====
[Epoch 4][Batch 50] loss: 0.2852
[Epoch 4][Batch 100] loss: 0.2796
[Epoch 4][Batch 150] loss: 0.2786
[Epoch 4][Batch 200] loss: 0.2910
[Epoch 4][Batch 250] loss: 0.2880
[Epoch 4][Batch 300] loss: 0.2892
[Epoch 4][Batch 350] loss: 0.2845
[Epoch 4][Batch 400] loss: 0.2826
[Epoch 4][Batch 450] loss: 0.2847
[Epoch 4][Batch 500] loss: 0.2796
Train loss: 0.2844
Validation loss: 0.2674
===== Epoch 5/20 =====
[Epoch 5][Batch 50] loss: 0.2820
[Epoch 5][Batch 100] loss: 0.2803
[Epoch 5][Batch 150] loss: 0.2806
[Epoch 5][Batch 200] loss: 0.2869
[Epoch 5][Batch 250] loss: 0.2713
[Epoch 5][Batch 300] loss: 0.2739
[Epoch 5][Batch 350] loss: 0.2717
[Epoch 5][Batch 400] loss: 0.2783
[Epoch 5][Batch 450] loss: 0.2735
[Epoch 5][Batch 500] loss: 0.2763
Train loss: 0.2775
Validation loss: 0.2611
>>> Nouveau meilleur modèle sauvegardé : checkpoints/best_model.pth
===== Epoch 6/20 =====
[Epoch 6][Batch 50] loss: 0.2783
[Epoch 6][Batch 100] loss: 0.2654
[Epoch 6][Batch 150] loss: 0.2691
[Epoch 6][Batch 200] loss: 0.2669
[Epoch 6][Batch 250] loss: 0.2646
[Epoch 6][Batch 300] loss: 0.2674
[Epoch 6][Batch 350] loss: 0.2688
[Epoch 6][Batch 400] loss: 0.2682
[Epoch 6][Batch 450] loss: 0.2689
[Epoch 6][Batch 500] loss: 0.2642
Train loss: 0.2683
Validation loss: 0.2503
>>> Nouveau meilleur modèle sauvegardé : checkpoints/best_model.pth
===== Epoch 7/20 =====
[Epoch 7][Batch 50] loss: 0.2601
[Epoch 7][Batch 100] loss: 0.2516
[Epoch 7][Batch 150] loss: 0.2602
[Epoch 7][Batch 200] loss: 0.2662
[Epoch 7][Batch 250] loss: 0.2589
[Epoch 7][Batch 300] loss: 0.2620
[Epoch 7][Batch 350] loss: 0.2539
[Epoch 7][Batch 400] loss: 0.2597
[Epoch 7][Batch 450] loss: 0.2521
[Epoch 7][Batch 500] loss: 0.2626
Train loss: 0.2588
Validation loss: 0.2449
>>> Nouveau meilleur modèle sauvegardé : checkpoints/best_model.pth
===== Epoch 8/20 =====
[Epoch 8][Batch 50] loss: 0.2542
[Epoch 8][Batch 100] loss: 0.2484
[Epoch 8][Batch 150] loss: 0.2548
[Epoch 8][Batch 200] loss: 0.2598
[Epoch 8][Batch 250] loss: 0.2541
[Epoch 8][Batch 300] loss: 0.2473
[Epoch 8][Batch 350] loss: 0.2521
[Epoch 8][Batch 400] loss: 0.2573
[Epoch 8][Batch 450] loss: 0.2547
[Epoch 8][Batch 500] loss: 0.2503
Train loss: 0.2532
Validation loss: 0.2430
>>> Nouveau meilleur modèle sauvegardé : checkpoints/best_model.pth
===== Epoch 9/20 =====
[Epoch 9][Batch 50] loss: 0.2480
[Epoch 9][Batch 100] loss: 0.2499
[Epoch 9][Batch 150] loss: 0.2450
[Epoch 9][Batch 200] loss: 0.2506
[Epoch 9][Batch 250] loss: 0.2503
[Epoch 9][Batch 300] loss: 0.2489
[Epoch 9][Batch 350] loss: 0.2557
[Epoch 9][Batch 400] loss: 0.2507
[Epoch 9][Batch 450] loss: 0.2445
[Epoch 9][Batch 500] loss: 0.2407
Train loss: 0.2484
Validation loss: 0.2418
>>> Nouveau meilleur modèle sauvegardé : checkpoints/best_model.pth
===== Epoch 10/20 =====
[Epoch 10][Batch 50] loss: 0.2509
[Epoch 10][Batch 100] loss: 0.2478
[Epoch 10][Batch 150] loss: 0.2475
[Epoch 10][Batch 200] loss: 0.2464
[Epoch 10][Batch 250] loss: 0.2444
[Epoch 10][Batch 300] loss: 0.2418
[Epoch 10][Batch 350] loss: 0.2424
[Epoch 10][Batch 400] loss: 0.2450
[Epoch 10][Batch 450] loss: 0.2459
[Epoch 10][Batch 500] loss: 0.2427
Train loss: 0.2454
Validation loss: 0.2421
===== Epoch 11/20 =====
[Epoch 11][Batch 50] loss: 0.2427
[Epoch 11][Batch 100] loss: 0.2359
[Epoch 11][Batch 150] loss: 0.2441
[Epoch 11][Batch 200] loss: 0.2389
[Epoch 11][Batch 250] loss: 0.2422
[Epoch 11][Batch 300] loss: 0.2365
[Epoch 11][Batch 350] loss: 0.2427
[Epoch 11][Batch 400] loss: 0.2418
[Epoch 11][Batch 450] loss: 0.2395
[Epoch 11][Batch 500] loss: 0.2405
Train loss: 0.2407
Validation loss: 0.2427
===== Epoch 12/20 =====
[Epoch 12][Batch 50] loss: 0.2406
[Epoch 12][Batch 100] loss: 0.2411
[Epoch 12][Batch 150] loss: 0.2357
[Epoch 12][Batch 200] loss: 0.2273
[Epoch 12][Batch 250] loss: 0.2370
[Epoch 12][Batch 300] loss: 0.2382
[Epoch 12][Batch 350] loss: 0.2332
[Epoch 12][Batch 400] loss: 0.2412
[Epoch 12][Batch 450] loss: 0.2295
[Epoch 12][Batch 500] loss: 0.2374
Train loss: 0.2361
Validation loss: 0.2443
===== Epoch 13/20 =====
[Epoch 13][Batch 50] loss: 0.2278
[Epoch 13][Batch 100] loss: 0.2355
[Epoch 13][Batch 150] loss: 0.2292
[Epoch 13][Batch 200] loss: 0.2311
[Epoch 13][Batch 250] loss: 0.2326
[Epoch 13][Batch 300] loss: 0.2300
[Epoch 13][Batch 350] loss: 0.2275
[Epoch 13][Batch 400] loss: 0.2323
[Epoch 13][Batch 450] loss: 0.2334
[Epoch 13][Batch 500] loss: 0.2338
Train loss: 0.2312
Validation loss: 0.2496
===== Epoch 14/20 =====
[Epoch 14][Batch 50] loss: 0.2227
[Epoch 14][Batch 100] loss: 0.2279
[Epoch 14][Batch 150] loss: 0.2234
[Epoch 14][Batch 200] loss: 0.2232
[Epoch 14][Batch 250] loss: 0.2252
[Epoch 14][Batch 300] loss: 0.2317
[Epoch 14][Batch 350] loss: 0.2255
[Epoch 14][Batch 400] loss: 0.2218
[Epoch 14][Batch 450] loss: 0.2277
[Epoch 14][Batch 500] loss: 0.2237
Train loss: 0.2252
Validation loss: 0.2572
===== Epoch 15/20 =====
[Epoch 15][Batch 50] loss: 0.2194
[Epoch 15][Batch 100] loss: 0.2128
[Epoch 15][Batch 150] loss: 0.2143
[Epoch 15][Batch 200] loss: 0.2150
[Epoch 15][Batch 250] loss: 0.2196
[Epoch 15][Batch 300] loss: 0.2245
[Epoch 15][Batch 350] loss: 0.2211
[Epoch 15][Batch 400] loss: 0.2241
[Epoch 15][Batch 450] loss: 0.2285
[Epoch 15][Batch 500] loss: 0.2273
Train loss: 0.2208
Validation loss: 0.2691
===== Epoch 16/20 =====
[Epoch 16][Batch 50] loss: 0.2112
[Epoch 16][Batch 100] loss: 0.2073
[Epoch 16][Batch 150] loss: 0.2135
[Epoch 16][Batch 200] loss: 0.2141
[Epoch 16][Batch 250] loss: 0.2158
[Epoch 16][Batch 300] loss: 0.2182
[Epoch 16][Batch 350] loss: 0.2174
[Epoch 16][Batch 400] loss: 0.2158
[Epoch 16][Batch 450] loss: 0.2139
[Epoch 16][Batch 500] loss: 0.2153
Train loss: 0.2141
Validation loss: 0.2637
===== Epoch 17/20 =====
[Epoch 17][Batch 50] loss: 0.2046
[Epoch 17][Batch 100] loss: 0.2101
[Epoch 17][Batch 150] loss: 0.2049
[Epoch 17][Batch 200] loss: 0.2082
[Epoch 17][Batch 250] loss: 0.2112
[Epoch 17][Batch 300] loss: 0.2072
[Epoch 17][Batch 350] loss: 0.2054
[Epoch 17][Batch 400] loss: 0.2065
[Epoch 17][Batch 450] loss: 0.2127
[Epoch 17][Batch 500] loss: 0.2101
Train loss: 0.2082
Validation loss: 0.2749
===== Epoch 18/20 =====
[Epoch 18][Batch 50] loss: 0.1995
[Epoch 18][Batch 100] loss: 0.1962
[Epoch 18][Batch 150] loss: 0.2018
[Epoch 18][Batch 200] loss: 0.2047
[Epoch 18][Batch 250] loss: 0.2065
[Epoch 18][Batch 300] loss: 0.2049
[Epoch 18][Batch 350] loss: 0.1998
[Epoch 18][Batch 400] loss: 0.2033
[Epoch 18][Batch 450] loss: 0.2048
[Epoch 18][Batch 500] loss: 0.2061
Train loss: 0.2028
Validation loss: 0.2734
===== Epoch 19/20 =====
[Epoch 19][Batch 50] loss: 0.1984
[Epoch 19][Batch 100] loss: 0.1931
[Epoch 19][Batch 150] loss: 0.1924
[Epoch 19][Batch 200] loss: 0.1946
[Epoch 19][Batch 250] loss: 0.1974
[Epoch 19][Batch 300] loss: 0.1977
[Epoch 19][Batch 350] loss: 0.1967
[Epoch 19][Batch 400] loss: 0.1988
[Epoch 19][Batch 450] loss: 0.2090
[Epoch 19][Batch 500] loss: 0.2013
Train loss: 0.1981
Validation loss: 0.3168
===== Epoch 20/20 =====
[Epoch 20][Batch 50] loss: 0.1836
[Epoch 20][Batch 100] loss: 0.1960
[Epoch 20][Batch 150] loss: 0.1922
[Epoch 20][Batch 200] loss: 0.1897
[Epoch 20][Batch 250] loss: 0.1907
[Epoch 20][Batch 300] loss: 0.1957
[Epoch 20][Batch 350] loss: 0.1967
[Epoch 20][Batch 400] loss: 0.1945
[Epoch 20][Batch 450] loss: 0.1919
[Epoch 20][Batch 500] loss: 0.1894
Train loss: 0.1919
Validation loss: 0.3182
Entraînement terminé.
Meilleur loss de validation : 0.2418
Graphique des pertes sauvegardé dans : checkpoints/loss_curve.png
Calcul de la matrice de confusion sur le set de validation...
Matrice de confusion (TN, FP, FN, TP) par action :
forward  -> TN=6231  FP=0  FN=1839  TP=0
back     -> TN=8070  FP=0  FN=0  TP=0
left     -> TN=7335  FP=0  FN=735  TP=0
right    -> TN=7440  FP=7  FN=605  TP=18
Matrice de confusion sauvegardée dans : checkpoints/confusion_matrix.png
