DEVICE utilisé : cuda
torch.cuda.is_available() : True
GPU : NVIDIA A2
Fichiers de données trouvés (5) :
  - record_0.npz
  - record_1.npz
  - record_2.npz
  - record_3.npz
  - record_4.npz
Found 5 .npz files.
Dataset prêt : 15713 samples (shift=5, flip=No).
Total samples: 15713 (train=12571, val=3142)
Using num_workers = 8
AMP désactivé (CPU ou pas de CUDA).
===== Epoch 1/20 =====
[Epoch 1][Batch 50] loss: 0.5780
[Epoch 1][Batch 100] loss: 0.4532
[Epoch 1][Batch 150] loss: 0.3968
Train loss: 0.4522
Validation loss: 0.3193
>>> Nouveau meilleur modèle sauvegardé : checkpoints/best_model.pth
===== Epoch 2/20 =====
[Epoch 2][Batch 50] loss: 0.3589
[Epoch 2][Batch 100] loss: 0.3478
[Epoch 2][Batch 150] loss: 0.3340
Train loss: 0.3429
Validation loss: 0.2923
>>> Nouveau meilleur modèle sauvegardé : checkpoints/best_model.pth
===== Epoch 3/20 =====
[Epoch 3][Batch 50] loss: 0.3189
[Epoch 3][Batch 100] loss: 0.3205
[Epoch 3][Batch 150] loss: 0.3161
Train loss: 0.3162
Validation loss: 0.2758
>>> Nouveau meilleur modèle sauvegardé : checkpoints/best_model.pth
===== Epoch 4/20 =====
[Epoch 4][Batch 50] loss: 0.2987
[Epoch 4][Batch 100] loss: 0.2950
[Epoch 4][Batch 150] loss: 0.2871
Train loss: 0.2938
Validation loss: 0.2588
>>> Nouveau meilleur modèle sauvegardé : checkpoints/best_model.pth
===== Epoch 5/20 =====
[Epoch 5][Batch 50] loss: 0.2846
[Epoch 5][Batch 100] loss: 0.2772
[Epoch 5][Batch 150] loss: 0.2720
Train loss: 0.2774
Validation loss: 0.2474
>>> Nouveau meilleur modèle sauvegardé : checkpoints/best_model.pth
===== Epoch 6/20 =====
[Epoch 6][Batch 50] loss: 0.2738
[Epoch 6][Batch 100] loss: 0.2663
[Epoch 6][Batch 150] loss: 0.2677
Train loss: 0.2699
Validation loss: 0.2439
>>> Nouveau meilleur modèle sauvegardé : checkpoints/best_model.pth
===== Epoch 7/20 =====
[Epoch 7][Batch 50] loss: 0.2665
[Epoch 7][Batch 100] loss: 0.2644
[Epoch 7][Batch 150] loss: 0.2537
Train loss: 0.2621
Validation loss: 0.2421
>>> Nouveau meilleur modèle sauvegardé : checkpoints/best_model.pth
===== Epoch 8/20 =====
[Epoch 8][Batch 50] loss: 0.2581
[Epoch 8][Batch 100] loss: 0.2571
[Epoch 8][Batch 150] loss: 0.2529
Train loss: 0.2571
Validation loss: 0.2461
===== Epoch 9/20 =====
[Epoch 9][Batch 50] loss: 0.2521
[Epoch 9][Batch 100] loss: 0.2585
[Epoch 9][Batch 150] loss: 0.2541
Train loss: 0.2528
Validation loss: 0.2429
===== Epoch 10/20 =====
[Epoch 10][Batch 50] loss: 0.2458
[Epoch 10][Batch 100] loss: 0.2477
[Epoch 10][Batch 150] loss: 0.2501
Train loss: 0.2485
Validation loss: 0.2437
===== Epoch 11/20 =====
[Epoch 11][Batch 50] loss: 0.2390
[Epoch 11][Batch 100] loss: 0.2428
[Epoch 11][Batch 150] loss: 0.2396
Train loss: 0.2420
Validation loss: 0.2442
===== Epoch 12/20 =====
[Epoch 12][Batch 50] loss: 0.2402
[Epoch 12][Batch 100] loss: 0.2403
[Epoch 12][Batch 150] loss: 0.2359
Train loss: 0.2381
Validation loss: 0.2481
===== Epoch 13/20 =====
[Epoch 13][Batch 50] loss: 0.2302
[Epoch 13][Batch 100] loss: 0.2355
[Epoch 13][Batch 150] loss: 0.2226
Train loss: 0.2303
Validation loss: 0.2497
===== Epoch 14/20 =====
[Epoch 14][Batch 50] loss: 0.2270
[Epoch 14][Batch 100] loss: 0.2191
[Epoch 14][Batch 150] loss: 0.2307
Train loss: 0.2245
Validation loss: 0.2574
===== Epoch 15/20 =====
[Epoch 15][Batch 50] loss: 0.2133
[Epoch 15][Batch 100] loss: 0.2178
[Epoch 15][Batch 150] loss: 0.2162
Train loss: 0.2170
Validation loss: 0.2768
===== Epoch 16/20 =====
[Epoch 16][Batch 50] loss: 0.2021
[Epoch 16][Batch 100] loss: 0.2148
[Epoch 16][Batch 150] loss: 0.2083
Train loss: 0.2086
Validation loss: 0.3095
===== Epoch 17/20 =====
[Epoch 17][Batch 50] loss: 0.2021
[Epoch 17][Batch 100] loss: 0.2052
[Epoch 17][Batch 150] loss: 0.1960
Train loss: 0.2012
Validation loss: 0.2815
===== Epoch 18/20 =====
[Epoch 18][Batch 50] loss: 0.1878
[Epoch 18][Batch 100] loss: 0.1930
[Epoch 18][Batch 150] loss: 0.1931
Train loss: 0.1914
Validation loss: 0.2759
===== Epoch 19/20 =====
[Epoch 19][Batch 50] loss: 0.1801
[Epoch 19][Batch 100] loss: 0.1810
[Epoch 19][Batch 150] loss: 0.1852
Train loss: 0.1838
Validation loss: 0.3181
===== Epoch 20/20 =====
[Epoch 20][Batch 50] loss: 0.1744
[Epoch 20][Batch 100] loss: 0.1838
[Epoch 20][Batch 150] loss: 0.1753
Train loss: 0.1774
Validation loss: 0.3143
Entraînement terminé.
Meilleur loss de validation : 0.2421
Graphique des pertes sauvegardé dans : checkpoints/loss_curve.png
Calcul de la matrice de confusion sur le set de validation...
Matrice de confusion (TN, FP, FN, TP) par action :
forward  -> TN=2409  FP=0  FN=733  TP=0
back     -> TN=3142  FP=0  FN=0  TP=0
left     -> TN=2829  FP=0  FN=313  TP=0
right    -> TN=2867  FP=37  FN=167  TP=71
Matrice de confusion sauvegardée dans : checkpoints/confusion_matrix.png
